In cycle 3: Number Overflow
In cycle 4: Number Overflow
In cycle 5: Number Overflow
In cycle 6: Number Overflow
In cycle 10: Write $0 Error
In cycle 11: Write $0 Error
In cycle 12: Number Overflow
In cycle 15: Write $0 Error
In cycle 15: Number Overflow
In cycle 31: Number Overflow
In cycle 32: Number Overflow
In cycle 33: Number Overflow
In cycle 34: Number Overflow
In cycle 38: Write $0 Error
In cycle 39: Write $0 Error
In cycle 40: Number Overflow
In cycle 43: Write $0 Error
In cycle 43: Number Overflow
In cycle 59: Number Overflow
In cycle 60: Number Overflow
In cycle 61: Number Overflow
In cycle 62: Number Overflow
In cycle 66: Write $0 Error
In cycle 67: Write $0 Error
In cycle 68: Number Overflow
In cycle 71: Write $0 Error
In cycle 71: Number Overflow
In cycle 87: Number Overflow
In cycle 88: Number Overflow
In cycle 89: Number Overflow
In cycle 90: Number Overflow
In cycle 94: Write $0 Error
In cycle 95: Write $0 Error
In cycle 96: Number Overflow
In cycle 99: Write $0 Error
In cycle 99: Number Overflow
In cycle 115: Number Overflow
In cycle 116: Number Overflow
In cycle 117: Number Overflow
In cycle 118: Number Overflow
In cycle 122: Write $0 Error
In cycle 123: Write $0 Error
In cycle 124: Number Overflow
In cycle 127: Write $0 Error
In cycle 127: Number Overflow
In cycle 143: Number Overflow
In cycle 144: Number Overflow
In cycle 145: Number Overflow
In cycle 146: Number Overflow
In cycle 150: Write $0 Error
In cycle 151: Write $0 Error
In cycle 152: Number Overflow
In cycle 155: Write $0 Error
In cycle 155: Number Overflow
In cycle 171: Number Overflow
In cycle 172: Number Overflow
In cycle 173: Number Overflow
In cycle 174: Number Overflow
In cycle 178: Write $0 Error
In cycle 179: Write $0 Error
In cycle 180: Number Overflow
In cycle 183: Write $0 Error
In cycle 183: Number Overflow
In cycle 199: Number Overflow
In cycle 200: Number Overflow
In cycle 201: Number Overflow
In cycle 202: Number Overflow
In cycle 206: Write $0 Error
In cycle 207: Write $0 Error
In cycle 208: Number Overflow
In cycle 211: Write $0 Error
In cycle 211: Number Overflow
In cycle 227: Number Overflow
In cycle 228: Number Overflow
In cycle 229: Number Overflow
In cycle 230: Number Overflow
In cycle 234: Write $0 Error
In cycle 235: Write $0 Error
In cycle 236: Number Overflow
In cycle 239: Write $0 Error
In cycle 239: Number Overflow
In cycle 255: Number Overflow
In cycle 256: Number Overflow
In cycle 257: Number Overflow
In cycle 258: Number Overflow
In cycle 262: Write $0 Error
In cycle 263: Write $0 Error
In cycle 264: Number Overflow
In cycle 267: Write $0 Error
In cycle 267: Number Overflow
In cycle 283: Number Overflow
In cycle 284: Number Overflow
In cycle 285: Number Overflow
In cycle 286: Number Overflow
In cycle 290: Write $0 Error
In cycle 291: Write $0 Error
In cycle 292: Number Overflow
In cycle 295: Write $0 Error
In cycle 295: Number Overflow
In cycle 311: Number Overflow
In cycle 312: Number Overflow
In cycle 313: Number Overflow
In cycle 314: Number Overflow
In cycle 318: Write $0 Error
In cycle 319: Write $0 Error
In cycle 320: Number Overflow
In cycle 323: Write $0 Error
In cycle 323: Number Overflow
In cycle 339: Number Overflow
In cycle 340: Number Overflow
In cycle 341: Number Overflow
In cycle 342: Number Overflow
In cycle 346: Write $0 Error
In cycle 347: Write $0 Error
In cycle 348: Number Overflow
In cycle 351: Write $0 Error
In cycle 351: Number Overflow
In cycle 367: Number Overflow
In cycle 368: Number Overflow
In cycle 369: Number Overflow
In cycle 370: Number Overflow
In cycle 374: Write $0 Error
In cycle 375: Write $0 Error
In cycle 376: Number Overflow
In cycle 379: Write $0 Error
In cycle 379: Number Overflow
In cycle 395: Number Overflow
In cycle 396: Number Overflow
In cycle 397: Number Overflow
In cycle 398: Number Overflow
In cycle 402: Write $0 Error
In cycle 403: Write $0 Error
In cycle 404: Number Overflow
In cycle 407: Write $0 Error
In cycle 407: Number Overflow
In cycle 423: Number Overflow
In cycle 424: Number Overflow
In cycle 425: Number Overflow
In cycle 426: Number Overflow
In cycle 430: Write $0 Error
In cycle 431: Write $0 Error
In cycle 432: Number Overflow
In cycle 435: Write $0 Error
In cycle 435: Number Overflow
In cycle 441: Write $0 Error
In cycle 442: Write $0 Error
In cycle 443: Write $0 Error
In cycle 444: Write $0 Error
In cycle 445: Write $0 Error
In cycle 446: Write $0 Error
In cycle 447: Write $0 Error
In cycle 448: Write $0 Error
In cycle 449: Write $0 Error
In cycle 450: Write $0 Error
In cycle 451: Write $0 Error
In cycle 470: Number Overflow
In cycle 471: Number Overflow
In cycle 472: Number Overflow
In cycle 473: Number Overflow
In cycle 477: Write $0 Error
In cycle 478: Write $0 Error
In cycle 479: Number Overflow
In cycle 482: Write $0 Error
In cycle 482: Number Overflow
In cycle 498: Number Overflow
In cycle 499: Number Overflow
In cycle 500: Number Overflow
In cycle 501: Number Overflow
In cycle 505: Write $0 Error
In cycle 506: Write $0 Error
In cycle 507: Number Overflow
In cycle 510: Write $0 Error
In cycle 510: Number Overflow
In cycle 526: Number Overflow
In cycle 527: Number Overflow
In cycle 528: Number Overflow
In cycle 529: Number Overflow
In cycle 533: Write $0 Error
In cycle 534: Write $0 Error
In cycle 535: Number Overflow
In cycle 538: Write $0 Error
In cycle 538: Number Overflow
In cycle 554: Number Overflow
In cycle 555: Number Overflow
In cycle 556: Number Overflow
In cycle 557: Number Overflow
In cycle 561: Write $0 Error
In cycle 562: Write $0 Error
In cycle 563: Number Overflow
In cycle 566: Write $0 Error
In cycle 566: Number Overflow
In cycle 582: Number Overflow
In cycle 583: Number Overflow
In cycle 584: Number Overflow
In cycle 585: Number Overflow
In cycle 589: Write $0 Error
In cycle 590: Write $0 Error
In cycle 591: Number Overflow
In cycle 594: Write $0 Error
In cycle 594: Number Overflow
In cycle 610: Number Overflow
In cycle 611: Number Overflow
In cycle 612: Number Overflow
In cycle 613: Number Overflow
In cycle 617: Write $0 Error
In cycle 618: Write $0 Error
In cycle 619: Number Overflow
In cycle 622: Write $0 Error
In cycle 622: Number Overflow
In cycle 638: Number Overflow
In cycle 639: Number Overflow
In cycle 640: Number Overflow
In cycle 641: Number Overflow
In cycle 645: Write $0 Error
In cycle 646: Write $0 Error
In cycle 647: Number Overflow
In cycle 650: Write $0 Error
In cycle 650: Number Overflow
In cycle 666: Number Overflow
In cycle 667: Number Overflow
In cycle 668: Number Overflow
In cycle 669: Number Overflow
In cycle 673: Write $0 Error
In cycle 674: Write $0 Error
In cycle 675: Number Overflow
In cycle 678: Write $0 Error
In cycle 678: Number Overflow
In cycle 694: Number Overflow
In cycle 695: Number Overflow
In cycle 696: Number Overflow
In cycle 697: Number Overflow
In cycle 701: Write $0 Error
In cycle 702: Write $0 Error
In cycle 703: Number Overflow
In cycle 706: Write $0 Error
In cycle 706: Number Overflow
In cycle 722: Number Overflow
In cycle 723: Number Overflow
In cycle 724: Number Overflow
In cycle 725: Number Overflow
In cycle 729: Write $0 Error
In cycle 730: Write $0 Error
In cycle 731: Number Overflow
In cycle 734: Write $0 Error
In cycle 734: Number Overflow
In cycle 750: Number Overflow
In cycle 751: Number Overflow
In cycle 752: Number Overflow
In cycle 753: Number Overflow
In cycle 757: Write $0 Error
In cycle 758: Write $0 Error
In cycle 759: Number Overflow
In cycle 762: Write $0 Error
In cycle 762: Number Overflow
In cycle 778: Number Overflow
In cycle 779: Number Overflow
In cycle 780: Number Overflow
In cycle 781: Number Overflow
In cycle 785: Write $0 Error
In cycle 786: Write $0 Error
In cycle 787: Number Overflow
In cycle 790: Write $0 Error
In cycle 790: Number Overflow
In cycle 806: Number Overflow
In cycle 807: Number Overflow
In cycle 808: Number Overflow
In cycle 809: Number Overflow
In cycle 813: Write $0 Error
In cycle 814: Write $0 Error
In cycle 815: Number Overflow
In cycle 818: Write $0 Error
In cycle 818: Number Overflow
In cycle 834: Number Overflow
In cycle 835: Number Overflow
In cycle 836: Number Overflow
In cycle 837: Number Overflow
In cycle 841: Write $0 Error
In cycle 842: Write $0 Error
In cycle 843: Number Overflow
In cycle 846: Write $0 Error
In cycle 846: Number Overflow
In cycle 862: Number Overflow
In cycle 863: Number Overflow
In cycle 864: Number Overflow
In cycle 865: Number Overflow
In cycle 869: Write $0 Error
In cycle 870: Write $0 Error
In cycle 871: Number Overflow
In cycle 874: Write $0 Error
In cycle 874: Number Overflow
In cycle 890: Number Overflow
In cycle 891: Number Overflow
In cycle 892: Number Overflow
In cycle 893: Number Overflow
In cycle 897: Write $0 Error
In cycle 898: Write $0 Error
In cycle 899: Number Overflow
In cycle 902: Write $0 Error
In cycle 902: Number Overflow
In cycle 908: Write $0 Error
In cycle 909: Write $0 Error
In cycle 910: Write $0 Error
In cycle 911: Write $0 Error
In cycle 912: Write $0 Error
In cycle 913: Write $0 Error
In cycle 914: Write $0 Error
In cycle 915: Write $0 Error
In cycle 916: Write $0 Error
In cycle 917: Write $0 Error
In cycle 918: Write $0 Error
In cycle 937: Number Overflow
In cycle 938: Number Overflow
In cycle 939: Number Overflow
In cycle 940: Number Overflow
In cycle 944: Write $0 Error
In cycle 945: Write $0 Error
In cycle 946: Number Overflow
In cycle 949: Write $0 Error
In cycle 949: Number Overflow
In cycle 965: Number Overflow
In cycle 966: Number Overflow
In cycle 967: Number Overflow
In cycle 968: Number Overflow
In cycle 972: Write $0 Error
In cycle 973: Write $0 Error
In cycle 974: Number Overflow
In cycle 977: Write $0 Error
In cycle 977: Number Overflow
In cycle 993: Number Overflow
In cycle 994: Number Overflow
In cycle 995: Number Overflow
In cycle 996: Number Overflow
In cycle 1000: Write $0 Error
In cycle 1001: Write $0 Error
In cycle 1002: Number Overflow
In cycle 1005: Write $0 Error
In cycle 1005: Number Overflow
In cycle 1021: Number Overflow
In cycle 1022: Number Overflow
In cycle 1023: Number Overflow
In cycle 1024: Number Overflow
In cycle 1028: Write $0 Error
In cycle 1029: Write $0 Error
In cycle 1030: Number Overflow
In cycle 1033: Write $0 Error
In cycle 1033: Number Overflow
In cycle 1049: Number Overflow
In cycle 1050: Number Overflow
In cycle 1051: Number Overflow
In cycle 1052: Number Overflow
In cycle 1056: Write $0 Error
In cycle 1057: Write $0 Error
In cycle 1058: Number Overflow
In cycle 1061: Write $0 Error
In cycle 1061: Number Overflow
In cycle 1077: Number Overflow
In cycle 1078: Number Overflow
In cycle 1079: Number Overflow
In cycle 1080: Number Overflow
In cycle 1084: Write $0 Error
In cycle 1085: Write $0 Error
In cycle 1086: Number Overflow
In cycle 1089: Write $0 Error
In cycle 1089: Number Overflow
In cycle 1105: Number Overflow
In cycle 1106: Number Overflow
In cycle 1107: Number Overflow
In cycle 1108: Number Overflow
In cycle 1112: Write $0 Error
In cycle 1113: Write $0 Error
In cycle 1114: Number Overflow
In cycle 1117: Write $0 Error
In cycle 1117: Number Overflow
In cycle 1133: Number Overflow
In cycle 1134: Number Overflow
In cycle 1135: Number Overflow
In cycle 1136: Number Overflow
In cycle 1140: Write $0 Error
In cycle 1141: Write $0 Error
In cycle 1142: Number Overflow
In cycle 1145: Write $0 Error
In cycle 1145: Number Overflow
In cycle 1161: Number Overflow
In cycle 1162: Number Overflow
In cycle 1163: Number Overflow
In cycle 1164: Number Overflow
In cycle 1168: Write $0 Error
In cycle 1169: Write $0 Error
In cycle 1170: Number Overflow
In cycle 1173: Write $0 Error
In cycle 1173: Number Overflow
In cycle 1189: Number Overflow
In cycle 1190: Number Overflow
In cycle 1191: Number Overflow
In cycle 1192: Number Overflow
In cycle 1196: Write $0 Error
In cycle 1197: Write $0 Error
In cycle 1198: Number Overflow
In cycle 1201: Write $0 Error
In cycle 1201: Number Overflow
In cycle 1217: Number Overflow
In cycle 1218: Number Overflow
In cycle 1219: Number Overflow
In cycle 1220: Number Overflow
In cycle 1224: Write $0 Error
In cycle 1225: Write $0 Error
In cycle 1226: Number Overflow
In cycle 1229: Write $0 Error
In cycle 1229: Number Overflow
In cycle 1245: Number Overflow
In cycle 1246: Number Overflow
In cycle 1247: Number Overflow
In cycle 1248: Number Overflow
In cycle 1252: Write $0 Error
In cycle 1253: Write $0 Error
In cycle 1254: Number Overflow
In cycle 1257: Write $0 Error
In cycle 1257: Number Overflow
In cycle 1273: Number Overflow
In cycle 1274: Number Overflow
In cycle 1275: Number Overflow
In cycle 1276: Number Overflow
In cycle 1280: Write $0 Error
In cycle 1281: Write $0 Error
In cycle 1282: Number Overflow
In cycle 1285: Write $0 Error
In cycle 1285: Number Overflow
In cycle 1301: Number Overflow
In cycle 1302: Number Overflow
In cycle 1303: Number Overflow
In cycle 1304: Number Overflow
In cycle 1308: Write $0 Error
In cycle 1309: Write $0 Error
In cycle 1310: Number Overflow
In cycle 1313: Write $0 Error
In cycle 1313: Number Overflow
In cycle 1329: Number Overflow
In cycle 1330: Number Overflow
In cycle 1331: Number Overflow
In cycle 1332: Number Overflow
In cycle 1336: Write $0 Error
In cycle 1337: Write $0 Error
In cycle 1338: Number Overflow
In cycle 1341: Write $0 Error
In cycle 1341: Number Overflow
In cycle 1357: Number Overflow
In cycle 1358: Number Overflow
In cycle 1359: Number Overflow
In cycle 1360: Number Overflow
In cycle 1364: Write $0 Error
In cycle 1365: Write $0 Error
In cycle 1366: Number Overflow
In cycle 1369: Write $0 Error
In cycle 1369: Number Overflow
In cycle 1375: Write $0 Error
In cycle 1376: Write $0 Error
In cycle 1377: Write $0 Error
In cycle 1378: Write $0 Error
In cycle 1379: Write $0 Error
In cycle 1380: Write $0 Error
In cycle 1381: Write $0 Error
In cycle 1382: Write $0 Error
In cycle 1383: Write $0 Error
In cycle 1384: Write $0 Error
In cycle 1385: Write $0 Error
In cycle 1404: Number Overflow
In cycle 1405: Number Overflow
In cycle 1406: Number Overflow
In cycle 1407: Number Overflow
In cycle 1411: Write $0 Error
In cycle 1412: Write $0 Error
In cycle 1413: Number Overflow
In cycle 1416: Write $0 Error
In cycle 1416: Number Overflow
In cycle 1432: Number Overflow
In cycle 1433: Number Overflow
In cycle 1434: Number Overflow
In cycle 1435: Number Overflow
In cycle 1439: Write $0 Error
In cycle 1440: Write $0 Error
In cycle 1441: Number Overflow
In cycle 1444: Write $0 Error
In cycle 1444: Number Overflow
In cycle 1460: Number Overflow
In cycle 1461: Number Overflow
In cycle 1462: Number Overflow
In cycle 1463: Number Overflow
In cycle 1467: Write $0 Error
In cycle 1468: Write $0 Error
In cycle 1469: Number Overflow
In cycle 1472: Write $0 Error
In cycle 1472: Number Overflow
In cycle 1488: Number Overflow
In cycle 1489: Number Overflow
In cycle 1490: Number Overflow
In cycle 1491: Number Overflow
In cycle 1495: Write $0 Error
In cycle 1496: Write $0 Error
In cycle 1497: Number Overflow
In cycle 1500: Write $0 Error
In cycle 1500: Number Overflow
In cycle 1516: Number Overflow
In cycle 1517: Number Overflow
In cycle 1518: Number Overflow
In cycle 1519: Number Overflow
In cycle 1523: Write $0 Error
In cycle 1524: Write $0 Error
In cycle 1525: Number Overflow
In cycle 1528: Write $0 Error
In cycle 1528: Number Overflow
In cycle 1544: Number Overflow
In cycle 1545: Number Overflow
In cycle 1546: Number Overflow
In cycle 1547: Number Overflow
In cycle 1551: Write $0 Error
In cycle 1552: Write $0 Error
In cycle 1553: Number Overflow
In cycle 1556: Write $0 Error
In cycle 1556: Number Overflow
In cycle 1572: Number Overflow
In cycle 1573: Number Overflow
In cycle 1574: Number Overflow
In cycle 1575: Number Overflow
In cycle 1579: Write $0 Error
In cycle 1580: Write $0 Error
In cycle 1581: Number Overflow
In cycle 1584: Write $0 Error
In cycle 1584: Number Overflow
In cycle 1600: Number Overflow
In cycle 1601: Number Overflow
In cycle 1602: Number Overflow
In cycle 1603: Number Overflow
In cycle 1607: Write $0 Error
In cycle 1608: Write $0 Error
In cycle 1609: Number Overflow
In cycle 1612: Write $0 Error
In cycle 1612: Number Overflow
In cycle 1628: Number Overflow
In cycle 1629: Number Overflow
In cycle 1630: Number Overflow
In cycle 1631: Number Overflow
In cycle 1635: Write $0 Error
In cycle 1636: Write $0 Error
In cycle 1637: Number Overflow
In cycle 1640: Write $0 Error
In cycle 1640: Number Overflow
In cycle 1656: Number Overflow
In cycle 1657: Number Overflow
In cycle 1658: Number Overflow
In cycle 1659: Number Overflow
In cycle 1663: Write $0 Error
In cycle 1664: Write $0 Error
In cycle 1665: Number Overflow
In cycle 1668: Write $0 Error
In cycle 1668: Number Overflow
In cycle 1684: Number Overflow
In cycle 1685: Number Overflow
In cycle 1686: Number Overflow
In cycle 1687: Number Overflow
In cycle 1691: Write $0 Error
In cycle 1692: Write $0 Error
In cycle 1693: Number Overflow
In cycle 1696: Write $0 Error
In cycle 1696: Number Overflow
In cycle 1712: Number Overflow
In cycle 1713: Number Overflow
In cycle 1714: Number Overflow
In cycle 1715: Number Overflow
In cycle 1719: Write $0 Error
In cycle 1720: Write $0 Error
In cycle 1721: Number Overflow
In cycle 1724: Write $0 Error
In cycle 1724: Number Overflow
In cycle 1740: Number Overflow
In cycle 1741: Number Overflow
In cycle 1742: Number Overflow
In cycle 1743: Number Overflow
In cycle 1747: Write $0 Error
In cycle 1748: Write $0 Error
In cycle 1749: Number Overflow
In cycle 1752: Write $0 Error
In cycle 1752: Number Overflow
In cycle 1768: Number Overflow
In cycle 1769: Number Overflow
In cycle 1770: Number Overflow
In cycle 1771: Number Overflow
In cycle 1775: Write $0 Error
In cycle 1776: Write $0 Error
In cycle 1777: Number Overflow
In cycle 1780: Write $0 Error
In cycle 1780: Number Overflow
In cycle 1796: Number Overflow
In cycle 1797: Number Overflow
In cycle 1798: Number Overflow
In cycle 1799: Number Overflow
In cycle 1803: Write $0 Error
In cycle 1804: Write $0 Error
In cycle 1805: Number Overflow
In cycle 1808: Write $0 Error
In cycle 1808: Number Overflow
In cycle 1824: Number Overflow
In cycle 1825: Number Overflow
In cycle 1826: Number Overflow
In cycle 1827: Number Overflow
In cycle 1831: Write $0 Error
In cycle 1832: Write $0 Error
In cycle 1833: Number Overflow
In cycle 1836: Write $0 Error
In cycle 1836: Number Overflow
In cycle 1842: Write $0 Error
In cycle 1843: Write $0 Error
In cycle 1844: Write $0 Error
In cycle 1845: Write $0 Error
In cycle 1846: Write $0 Error
In cycle 1847: Write $0 Error
In cycle 1848: Write $0 Error
In cycle 1849: Write $0 Error
In cycle 1850: Write $0 Error
In cycle 1851: Write $0 Error
In cycle 1852: Write $0 Error
In cycle 1860: Number Overflow
In cycle 1861: Number Overflow
In cycle 1862: Number Overflow
In cycle 1863: Number Overflow
In cycle 1864: Write $0 Error
In cycle 1871: Number Overflow
In cycle 1873: Number Overflow
