In cycle 14: Number Overflow
In cycle 17: Number Overflow
In cycle 20: Number Overflow
In cycle 21: Write $0 Error
In cycle 21: Number Overflow
In cycle 25: Write $0 Error
In cycle 30: Number Overflow
In cycle 33: Number Overflow
In cycle 34: Write $0 Error
In cycle 34: Number Overflow
In cycle 42: Write $0 Error
In cycle 43: Write $0 Error
In cycle 44: Write $0 Error
In cycle 45: Write $0 Error
In cycle 46: Write $0 Error
In cycle 47: Write $0 Error
In cycle 49: Write $0 Error
In cycle 51: Write $0 Error
In cycle 53: Write $0 Error
In cycle 55: Write $0 Error
In cycle 58: Write $0 Error
In cycle 61: Write $0 Error
In cycle 64: Write $0 Error
In cycle 66: Number Overflow
In cycle 68: Number Overflow
In cycle 70: Number Overflow
In cycle 74: Number Overflow
In cycle 77: Write $0 Error
In cycle 77: Number Overflow
In cycle 78: Write $0 Error
In cycle 78: Number Overflow
In cycle 89: Write $0 Error
In cycle 91: Write $0 Error
In cycle 93: Write $0 Error
In cycle 107: Write $0 Error
In cycle 109: Write $0 Error
In cycle 111: Write $0 Error
In cycle 113: Write $0 Error
In cycle 115: Write $0 Error
In cycle 117: Write $0 Error
In cycle 158: Write $0 Error
In cycle 175: Write $0 Error
In cycle 176: Write $0 Error
In cycle 177: Write $0 Error
In cycle 178: Write $0 Error
In cycle 212: Write $0 Error
In cycle 212: Number Overflow
In cycle 212: Address Overflow
In cycle 212: Misalignment Error
